// Jest Snapshot v1, https://goo.gl/fbAQLP

exports[`.not.toHaveFiredEvent fails when given an event that did fire 1`] = `
"[2mexpect([22m[31mcomponent[39m[2m).[22mnot[2m.[22mtoHaveFiredEvent[2m([22m[32mexpected[39m[2m)[22m

Expected not to have fired: [32m\\"e1\\"[39m
Recevied events: [31m[\\"e1\\"][39m"
`;

exports[`.toHaveFiredEvent fails when given an event that did not fire 1`] = `
"[2mexpect([22m[31mcomponent[39m[2m).[22mtoHaveFiredEvent[2m([22m[32mexpected[39m[2m)[22m

Expected to have fired: [32m\\"e1\\"[39m
Recevied events: [31m[][39m"
`;
